******************************************************************************
                  TI ARM Linker PC v20.2.7                     
******************************************************************************
>> Linked Fri Oct 20 21:43:54 2023

OUTPUT FILE NAME:   <Lab_07.out>
ENTRY POINT SYMBOL: "_c_int00_noargs"  address: 000007f1


MEMORY CONFIGURATION

         name            origin    length      used     unused   attr    fill
----------------------  --------  ---------  --------  --------  ----  --------
  FLASH                 00000000   00040000  00000934  0003f6cc  R  X
  SRAM                  20000000   00008000  0000020c  00007df4  RW X


SEGMENT ALLOCATION MAP

run origin  load origin   length   init length attrs members
----------  ----------- ---------- ----------- ----- -------
00000000    00000000    00000938   00000938    r-x
  00000000    00000000    0000026c   0000026c    r-- .intvecs
  0000026c    0000026c    00000698   00000698    r-x .text
  00000908    00000908    00000030   00000030    r-- .cinit
20000000    20000000    0000020c   00000000    rw-
  20000000    20000000    00000200   00000000    rw- .stack
  20000200    20000200    00000008   00000000    rw- .bss
  20000208    20000208    00000004   00000000    rw- .data


SECTION ALLOCATION MAP

 output                                  attributes/
section   page    origin      length       input sections
--------  ----  ----------  ----------   ----------------
.intvecs   0    00000000    0000026c     
                  00000000    0000026c     tm4c123gh6pm_startup_ccs.obj (.intvecs)

.text      0    0000026c    00000698     
                  0000026c    000001a8     main.obj (.text)
                  00000414    00000132     driverlib.lib : gpio.obj (.text:GPIOPadConfigSet)
                  00000546    00000002     --HOLE-- [fill = 0]
                  00000548    000000f4                   : sysctl.obj (.text:SysCtlClockSet)
                  0000063c    0000009c     rtsv7M4_T_le_v4SPD16_eabi.lib : memcpy_t2.asm.obj (.text)
                  000006d8    00000068                                   : copy_decompress_lzss.c.obj (.text:decompress:lzss:__TI_decompress_lzss)
                  00000740    00000044                                   : autoinit.c.obj (.text:__TI_auto_init_nobinit_nopinit:__TI_auto_init_nobinit_nopinit)
                  00000784    00000038     driverlib.lib : sysctl.obj (.text:SysCtlPeripheralReady)
                  000007bc    00000034                   : sysctl.obj (.text:SysCtlPeripheralEnable)
                  000007f0    00000034     rtsv7M4_T_le_v4SPD16_eabi.lib : boot_cortex_m.c.obj (.text:_c_int00_noargs:_c_int00_noargs)
                  00000824    0000002a     driverlib.lib : gpio.obj (.text:GPIODirModeSet)
                  0000084e    0000001c     rtsv7M4_T_le_v4SPD16_eabi.lib : copy_zero_init.c.obj (.text:decompress:ZI:__TI_zero_init_nomemset:__TI_zero_init_nomemset)
                  0000086a    00000018     driverlib.lib : gpio.obj (.text:GPIOPinTypeGPIOOutput)
                  00000882    00000002     --HOLE-- [fill = 0]
                  00000884    00000014                   : systick.obj (.text:SysTickDisable)
                  00000898    00000014                   : systick.obj (.text:SysTickEnable)
                  000008ac    00000012                   : gpio.obj (.text:GPIOPinTypeGPIOInput)
                  000008be    00000002     --HOLE-- [fill = 0]
                  000008c0    00000010                   : systick.obj (.text:SysTickPeriodSet)
                  000008d0    0000000e     rtsv7M4_T_le_v4SPD16_eabi.lib : copy_decompress_none.c.obj (.text:decompress:none:__TI_decompress_none)
                  000008de    0000000c     tm4c123gh6pm_startup_ccs.obj (.text)
                  000008ea    00000006     driverlib.lib : gpio.obj (.text:GPIOPinRead)
                  000008f0    00000006                   : gpio.obj (.text:GPIOPinWrite)
                  000008f6    00000006                   : sysctl.obj (.text:SysCtlDelay)
                  000008fc    00000004     rtsv7M4_T_le_v4SPD16_eabi.lib : pre_init.c.obj (.text:_system_pre_init)
                  00000900    00000004                                   : exit.c.obj (.text:abort:abort)

.cinit     0    00000908    00000030     
                  00000908    0000000c     (__TI_handler_table)
                  00000914    00000004     --HOLE-- [fill = 0]
                  00000918    00000008     (.cinit..bss.load) [load image, compression = zero_init]
                  00000920    00000007     (.cinit..data.load) [load image, compression = lzss]
                  00000927    00000001     --HOLE-- [fill = 0]
                  00000928    00000010     (__TI_cinit_table)

.init_array 
*          0    00000000    00000000     UNINITIALIZED

.bss       0    20000200    00000008     UNINITIALIZED
                  20000200    00000004     (.common:i)
                  20000204    00000004     (.common:valor)

.data      0    20000208    00000004     UNINITIALIZED
                  20000208    00000004     main.obj (.data)

.stack     0    20000000    00000200     UNINITIALIZED
                  20000000    00000004     rtsv7M4_T_le_v4SPD16_eabi.lib : boot_cortex_m.c.obj (.stack)
                  20000004    000001fc     --HOLE--

__llvm_prf_cnts 
*          0    20000000    00000000     UNINITIALIZED

MODULE SUMMARY

       Module                         code   ro data   rw data
       ------                         ----   -------   -------
    .\
       tm4c123gh6pm_startup_ccs.obj   12     620       0      
       main.obj                       424    0         12     
    +--+------------------------------+------+---------+---------+
       Total:                         436    620       12     
                                                              
    C:/ti/TivaWare_C_Series-2.1.4.178/driverlib/ccs/Debug/driverlib.lib
       gpio.obj                       402    0         0      
       sysctl.obj                     358    0         0      
       systick.obj                    56     0         0      
    +--+------------------------------+------+---------+---------+
       Total:                         816    0         0      
                                                              
    C:\ti\ccs1250\ccs\tools\compiler\ti-cgt-arm_20.2.7.LTS\lib\rtsv7M4_T_le_v4SPD16_eabi.lib
       memcpy_t2.asm.obj              156    0         0      
       copy_decompress_lzss.c.obj     104    0         0      
       autoinit.c.obj                 68     0         0      
       boot_cortex_m.c.obj            52     0         0      
       copy_zero_init.c.obj           28     0         0      
       copy_decompress_none.c.obj     14     0         0      
       exit.c.obj                     4      0         0      
       pre_init.c.obj                 4      0         0      
    +--+------------------------------+------+---------+---------+
       Total:                         430    0         0      
                                                              
       Stack:                         0      0         512    
       Linker Generated:              0      43        0      
    +--+------------------------------+------+---------+---------+
       Grand Total:                   1682   663       524    


LINKER GENERATED COPY TABLES

__TI_cinit_table @ 00000928 records: 2, size/record: 8, table size: 16
	.bss: load addr=00000918, load size=00000008 bytes, run addr=20000200, run size=00000008 bytes, compression=zero_init
	.data: load addr=00000920, load size=00000007 bytes, run addr=20000208, run size=00000004 bytes, compression=lzss


LINKER GENERATED HANDLER TABLE

__TI_handler_table @ 00000908 records: 3, size/record: 4, table size: 12
	index: 0, handler: __TI_decompress_lzss
	index: 1, handler: __TI_decompress_none
	index: 2, handler: __TI_zero_init


GLOBAL SYMBOLS: SORTED ALPHABETICALLY BY Name 

address   name                          
-------   ----                          
00000901  C$$EXIT                       
00000825  GPIODirModeSet                
00000415  GPIOPadConfigSet              
000008eb  GPIOPinRead                   
000008ad  GPIOPinTypeGPIOInput          
0000086b  GPIOPinTypeGPIOOutput         
000008f1  GPIOPinWrite                  
000008df  ResetISR                      
00000549  SysCtlClockSet                
000008f7  SysCtlDelay                   
000007bd  SysCtlPeripheralEnable        
00000785  SysCtlPeripheralReady         
00000885  SysTickDisable                
00000899  SysTickEnable                 
000008c1  SysTickPeriodSet              
20000200  __STACK_END                   
00000200  __STACK_SIZE                  
20000200  __STACK_TOP                   
00000928  __TI_CINIT_Base               
00000938  __TI_CINIT_Limit              
00000908  __TI_Handler_Table_Base       
00000914  __TI_Handler_Table_Limit      
00000741  __TI_auto_init_nobinit_nopinit
000006d9  __TI_decompress_lzss          
000008d1  __TI_decompress_none          
ffffffff  __TI_pprof_out_hndl           
ffffffff  __TI_prof_data_size           
ffffffff  __TI_prof_data_start          
00000000  __TI_static_base__            
0000084f  __TI_zero_init_nomemset       
0000063d  __aeabi_memcpy                
0000063d  __aeabi_memcpy4               
0000063d  __aeabi_memcpy8               
ffffffff  __binit__                     
ffffffff  __c_args__                    
UNDEFED   __mpu_init                    
20000000  __stack                       
20000000  __start___llvm_prf_cnts       
20000000  __stop___llvm_prf_cnts        
000007f1  _c_int00_noargs               
UNDEFED   _system_post_cinit            
000008fd  _system_pre_init              
00000901  abort                         
20000208  bandera                       
ffffffff  binit                         
000003af  delay                         
000003db  delay1ms                      
00000000  g_pfnVectors                  
20000200  i                             
0000026d  main                          
0000063d  memcpy                        
0000036f  setup                         
20000204  valor                         


GLOBAL SYMBOLS: SORTED BY Symbol Address 

address   name                          
-------   ----                          
00000000  __TI_static_base__            
00000000  g_pfnVectors                  
00000200  __STACK_SIZE                  
0000026d  main                          
0000036f  setup                         
000003af  delay                         
000003db  delay1ms                      
00000415  GPIOPadConfigSet              
00000549  SysCtlClockSet                
0000063d  __aeabi_memcpy                
0000063d  __aeabi_memcpy4               
0000063d  __aeabi_memcpy8               
0000063d  memcpy                        
000006d9  __TI_decompress_lzss          
00000741  __TI_auto_init_nobinit_nopinit
00000785  SysCtlPeripheralReady         
000007bd  SysCtlPeripheralEnable        
000007f1  _c_int00_noargs               
00000825  GPIODirModeSet                
0000084f  __TI_zero_init_nomemset       
0000086b  GPIOPinTypeGPIOOutput         
00000885  SysTickDisable                
00000899  SysTickEnable                 
000008ad  GPIOPinTypeGPIOInput          
000008c1  SysTickPeriodSet              
000008d1  __TI_decompress_none          
000008df  ResetISR                      
000008eb  GPIOPinRead                   
000008f1  GPIOPinWrite                  
000008f7  SysCtlDelay                   
000008fd  _system_pre_init              
00000901  C$$EXIT                       
00000901  abort                         
00000908  __TI_Handler_Table_Base       
00000914  __TI_Handler_Table_Limit      
00000928  __TI_CINIT_Base               
00000938  __TI_CINIT_Limit              
20000000  __stack                       
20000000  __start___llvm_prf_cnts       
20000000  __stop___llvm_prf_cnts        
20000200  __STACK_END                   
20000200  __STACK_TOP                   
20000200  i                             
20000204  valor                         
20000208  bandera                       
ffffffff  __TI_pprof_out_hndl           
ffffffff  __TI_prof_data_size           
ffffffff  __TI_prof_data_start          
ffffffff  __binit__                     
ffffffff  __c_args__                    
ffffffff  binit                         
UNDEFED   __mpu_init                    
UNDEFED   _system_post_cinit            

[53 symbols]
